43 jobs pending
START runs/s3_probes/probe5_task3_s1/eval.json
END rc=0 695s runs/s3_probes/probe5_task3_s1/eval.json
START runs/rq1_v2/rq1v2_rands0.03_s1/eval.json
END rc=0 420s runs/rq1_v2/rq1v2_rands0.03_s1/eval.json
START runs/rq1_v2/rq1v2_rands0.03_s4/eval.json
END rc=0 520s runs/rq1_v2/rq1v2_rands0.03_s4/eval.json
START runs/rq1_v2/rq1v2_homeo_s6/eval.json
END rc=0 495s runs/rq1_v2/rq1v2_homeo_s6/eval.json
START runs/rq1_v2/rq1v2_homeo_s7/eval.json
END rc=0 620s runs/rq1_v2/rq1v2_homeo_s7/eval.json
START runs/rq1_v2/rq1v2_homeo_s8/eval.json
END rc=0 585s runs/rq1_v2/rq1v2_homeo_s8/eval.json
START runs/rq1_v2/rq1v2_bp_s9/eval.json
END rc=0 710s runs/rq1_v2/rq1v2_bp_s9/eval.json
START runs/rq1_v2/rq1v2_rands0.03_s9/eval.json
END rc=0 555s runs/rq1_v2/rq1v2_rands0.03_s9/eval.json
START runs/rq1_v2/rq1v2_tfs0.03_s10/eval.json
END rc=0 715s runs/rq1_v2/rq1v2_tfs0.03_s10/eval.json
START runs/continual_snn_budget/fetch3_sleep_buf2000_s1/results.json
=== restart 2026-09-28T13:04:21Z ===
10 jobs pending
START runs/continual_snn_budget/fetch3_sleep_buf200_s2/results.json
=== restart 2026-09-28T13:28:48Z ===
10 jobs pending
START runs/continual_snn_budget/fetch3_sleep_buf200_s2/results.json
=== restart 2026-09-28T13:46:35Z ===
10 jobs pending
START runs/continual_snn_budget/fetch3_sleep_buf200_s2/results.json
END rc=0 1165s runs/continual_snn_budget/fetch3_sleep_buf200_s2/results.json
START runs/continual_snn_budget/fetch3_replay_buf200_s3/results.json
END rc=0 950s runs/continual_snn_budget/fetch3_replay_buf200_s3/results.json
6 jobs pending
START runs/continual5_snn_450k/fetch5_isolation_s1/results.json
END rc=0 2865s runs/continual5_snn_450k/fetch5_isolation_s1/results.json
START runs/continual5_snn_450k/fetch5_isolation_s3/results.json
END rc=0 2900s runs/continual5_snn_450k/fetch5_isolation_s3/results.json
5 jobs pending
START runs/s3_mem_pilot/mem_cnn_fs4_s1/eval.json
END rc=0 635s runs/s3_mem_pilot/mem_cnn_fs4_s1/eval.json
START runs/s3_mem_pilot/mem_snn_tf8_s1/eval.json
=== restart 2026-09-28T16:29:51Z ===
0 jobs pending
1 jobs pending
2 jobs pending
START runs/s3_mem_pilot/mem_snn_tf8_s1/eval.json
END rc=0 1920s runs/s3_mem_pilot/mem_snn_tf8_s1/eval.json
6 jobs pending
START runs/continual_hybrid/fetch3_sleep_s5/results.json
END rc=0 5710s runs/continual_hybrid/fetch3_sleep_s5/results.json
