=== restart 2026-09-29T18:37:46Z ===
26 jobs pending
START runs/s4_mem_probe/probe_S11_cnn_fs1_s1/eval.json
END rc=0 1095s runs/s4_mem_probe/probe_S11_cnn_fs1_s1/eval.json
START runs/demo_ckpt/fetch3_naive_s1/results.json
END rc=0 270s runs/demo_ckpt/fetch3_naive_s1/results.json
START runs/rq1_v2/rq1v2_dfae_s6/eval.json
END rc=0 730s runs/rq1_v2/rq1v2_dfae_s6/eval.json
START runs/rq1_v2/rq1v2_dfae_s8/eval.json
END rc=0 700s runs/rq1_v2/rq1v2_dfae_s8/eval.json
START runs/rq1_v2/rq1v2_dfae_s10/eval.json
END rc=0 815s runs/rq1_v2/rq1v2_dfae_s10/eval.json
START runs/rq1_v2/rq1v2_dfae_homeo_s7/eval.json
END rc=0 836s runs/rq1_v2/rq1v2_dfae_homeo_s7/eval.json
START runs/continual_hybrid/fetch3_replay_s7/results.json
END rc=0 4128s runs/continual_hybrid/fetch3_replay_s7/results.json
START runs/continual_hybrid/fetch3_sleep_matched_s4/results.json
END rc=0 5319s runs/continual_hybrid/fetch3_sleep_matched_s4/results.json
1 jobs pending
2 jobs pending
START runs/continual_hybrid/fetch3_sleep_matched_s7/results.json
END rc=0 4981s runs/continual_hybrid/fetch3_sleep_matched_s7/results.json
=== restart 2026-09-29T23:58:31Z ===
0 jobs pending
0 jobs pending
1 jobs pending
START runs/continual_hybrid/fetch3_sleep_matched_s8/results.json
END rc=0 5035s runs/continual_hybrid/fetch3_sleep_matched_s8/results.json
